2025/10/19 18:14:35.050033 from 193.33.240.202:42988 accepted tcp:[2a03:2880:f36f:121:face:b00c:0:7260]:443 [inbound-443 >> direct] email: 888
2025/10/19 18:14:35.058881 from 109.126.58.224:7816 accepted tcp:213.184.156.45:443 [inbound-33295 >> direct] email: @RingoRoma(sni ozon)
2025/10/19 18:14:35.144884 from 109.126.58.224:7812 accepted tcp:213.184.155.47:443 [inbound-33295 >> direct] email: @RingoRoma(sni ozon)
2025/10/19 18:14:35.188580 from 185.104.248.89:54724 accepted tcp:185.104.248.89:1080 [inbound-443 >> direct] email: @s_lyutikov
2025/10/19 18:14:35.271075 from 2.63.200.24:7825 accepted tcp:31.13.72.48:443 [inbound-443 >> direct] email: Для сокланавцев
2025/10/19 18:14:35.297054 from 185.104.248.89:54732 accepted tcp:185.104.248.89:1080 [inbound-443 >> direct] email: @s_lyutikov
2025/10/19 18:14:35.491748 from 185.104.248.89:54740 accepted tcp:185.104.248.89:1080 [inbound-443 >> direct] email: @s_lyutikov
2025/10/19 18:14:35.511714 from 77.34.162.183:42960 accepted tcp:ir-8.ozone.ru:443 [inbound-443 -> ss] email: Lada
2025/10/19 18:14:35.518480 from 217.66.156.109:4156 accepted tcp:apm-ru.yun.hihonor.com:443 [inbound-443 -> ss] email: Для сокланавцев
2025/10/19 18:14:35.805883 from 77.34.162.183:42966 accepted tcp:ir-8.ozone.ru:443 [inbound-443 -> ss] email: Lada
2025/10/19 18:14:35.860390 from 185.104.248.89:54754 accepted tcp:185.104.248.89:1080 [inbound-443 >> direct] email: @s_lyutikov
2025/10/19 18:14:35.941718 from 178.178.247.12:17355 accepted tcp:graph.facebook.com:443 [inbound-443 >> direct] email: Для сокланавцев
2025/10/19 18:14:35.998867 from 176.59.201.17:35622 accepted tcp:8.8.8.8:853 [inbound-443 >> direct] email: Руслан(ватцап)
2025/10/19 18:14:36.002133 from 185.104.248.89:54766 accepted tcp:185.104.248.89:1080 [inbound-443 >> direct] email: @s_lyutikov
2025/10/19 18:14:36.143859 from 185.104.248.89:54780 accepted tcp:185.104.248.89:1080 [inbound-443 >> direct] email: @s_lyutikov
2025/10/19 18:14:36.566744 from 176.59.201.17:35636 accepted tcp:updates.isappcloud.com:443 [inbound-443 >> direct] email: Руслан(ватцап)
2025/10/19 18:14:36.586804 from 62.217.184.190:8584 accepted tcp:trap.aviasales.com:443 [inbound-443 >> direct] email: 888
2025/10/19 18:14:36.617939 from 185.104.248.89:54786 accepted tcp:185.104.248.89:1080 [inbound-443 >> direct] email: @s_lyutikov
2025/10/19 18:14:36.655130 from 185.17.131.176:24185 accepted tcp:5.28.195.1:443 [inbound-443 -> ss] email: Для сокланавцев
2025/10/19 18:14:36.804924 from 185.104.248.89:54800 accepted tcp:185.104.248.89:1080 [inbound-443 >> direct] email: @s_lyutikov
2025/10/19 18:14:36.913842 from 5.143.95.114:45470 accepted tcp:rus-dsu.shalltry.com:443 [inbound-443 >> direct] email: Mike-Ilin-@mikeilin
2025/10/19 18:14:36.951645 from 185.104.248.89:54810 accepted tcp:185.104.248.89:1080 [inbound-443 >> direct] email: @s_lyutikov
2025/10/19 18:14:36.995244 from 62.217.184.190:8593 accepted tcp:tickets-api.aviasales.com:443 [inbound-443 >> direct] email: 888
2025/10/19 18:14:37.046555 from 178.215.234.246:54502 accepted tcp:149.154.167.51:5222 [inbound-444 >> direct] email: PKp8sZV9r
2025/10/19 18:14:37.046596 from 178.215.234.246:54482 accepted tcp:149.154.167.51:5222 [inbound-444 >> direct] email: PKp8sZV9r